// Jest Snapshot v1, https://goo.gl/fbAQLP

exports[`Storyshots App App Container 1`] = `
<div
  className="pure-g css-d1ao1r "
  style={
    Object {
      "padding": "2rem",
    }
  }
>
  <div
    className="pure-u-1 css-d1ao1r "
  >
    <div
      className="pure-g css-d1ao1r "
    >
      <div
        className="pure-u-1 css-d1ao1r "
      >
        <div
          className="pure-g css-d1ao1r "
        >
          <div
            className="pure-u-1 css-d1ao1r "
          >
            <form
              className="pure-form pure-form-aligned "
              onSubmit={[Function]}
            >
              <div
                className="pure-control-group "
              >
                <input
                  className="pure-input "
                  style={
                    Object {
                      "marginRight": "1rem",
                    }
                  }
                />
                <button
                  className="pure-button  "
                  type="submit"
                >
                  Add Todo
                </button>
              </div>
            </form>
          </div>
        </div>
        <table
          className="pure-table pure-u-12-24 "
        >
          <tbody />
        </table>
        <div
          className="pure-g css-d1ao1r "
        >
          <div
            className="pure-u-1 css-d1ao1r "
          >
            Show:
            <div
              className="pure-button-group "
            >
              <button
                className="pure-button pure-button-primary  "
                onClick={[Function]}
                type="button"
              >
                All
              </button>
              <button
                className="pure-button pure-button-secondary  "
                onClick={[Function]}
                type="button"
              >
                Active
              </button>
              <button
                className="pure-button pure-button-success  "
                onClick={[Function]}
                type="button"
              >
                Completed
              </button>
            </div>
          </div>
        </div>
      </div>
    </div>
  </div>
</div>
`;
